ire=False split=(Timestamp('2025-06-25 00:00:00'), Timestamp('2025-11-29 00:00:00')) n=391627 feats=135
binary best_iter 567
softmax best_iter 456
PL top3 best_iter 1128

                 model      auc       ap     top1     top3      mrr    ndcg3  race_logloss  brier_norm      ece
               binary 0.739996 0.265015 0.268178 0.598662 0.480750 0.458120      1.969881    0.084234 0.002724
              softmax 0.742845 0.269523 0.272885 0.603617 0.484863 0.463292      1.962745    0.084013 0.003849
              pl_top3 0.744589 0.273972 0.276601 0.605351 0.486990 0.465563      1.957194    0.083799 0.004857
         blend_bin_sm 0.742289 0.268649 0.268673 0.601387 0.482241 0.460282      1.963728    0.084036 0.002666
            blend_all 0.744468 0.272467 0.272637 0.602750 0.485236 0.463043      1.957480    0.083832 0.002978
blend_bin_sm+isotonic 0.741586 0.268441 0.271770 0.599405 0.483229 0.460288      1.968469    0.084095 0.004513

reliability (blend, race-normalised):
        n    mean_p       obs
b                           
0   6567  0.012113  0.011421
1   6566  0.024956  0.024520
2   6567  0.035580  0.036851
3   6566  0.046249  0.047213
4   6567  0.057432  0.056038
5   6566  0.069865  0.068992
6   6566  0.083843  0.084374
7   6567  0.100330  0.104614
8   6566  0.120872  0.123667
9   6567  0.149235  0.152124
10  6566  0.195156  0.200122
11  6567  0.331345  0.319476

reliability (isotonic):
        n    mean_p       obs
b                           
0   6567  0.008738  0.011421
1   6566  0.021046  0.026348
2   6567  0.033169  0.035480
3   6566  0.050816  0.045690
4   6567  0.057839  0.057256
5   6566  0.068814  0.068687
6   6566  0.085206  0.086049
7   6567  0.106671  0.106898
8   6566  0.126241  0.119251
9   6567  0.147574  0.151515
10  6566  0.188593  0.200122
11  6567  0.332267  0.320694
