ire=True split=(Timestamp('2024-11-24 00:00:00'), Timestamp('2025-05-15 00:00:00')) n=81678 feats=134
binary best_iter 331
softmax best_iter 318
PL top3 best_iter 630

                 model      auc       ap     top1     top3      mrr    ndcg3  race_logloss  brier_norm      ece
               binary 0.761962 0.259279 0.260388 0.578947 0.468179 0.443061      2.042748    0.072987 0.006933
              softmax 0.763680 0.261330 0.259695 0.592798 0.471079 0.450365      2.037393    0.072876 0.006472
              pl_top3 0.764331 0.262645 0.275623 0.587258 0.480655 0.455650      2.036801    0.072837 0.006757
         blend_bin_sm 0.764024 0.262130 0.263158 0.585873 0.470794 0.447727      2.036695    0.072845 0.005719
            blend_all 0.766279 0.264728 0.275623 0.587950 0.479082 0.454364      2.030880    0.072698 0.006938
blend_bin_sm+isotonic 0.762841 0.261020 0.265235 0.578255 0.471443 0.444866      2.036957    0.072887 0.005860

reliability (blend, race-normalised):
        n    mean_p       obs
b                           
0   1366  0.009425  0.004392
1   1366  0.018425  0.019766
2   1365  0.027622  0.021245
3   1366  0.037529  0.034407
4   1365  0.047770  0.043956
5   1366  0.058475  0.058565
6   1365  0.070437  0.064469
7   1366  0.084229  0.086384
8   1365  0.101768  0.115018
9   1365  0.126699  0.127473
10  1366  0.166888  0.159590
11  1366  0.307376  0.322108

reliability (isotonic):
        n    mean_p       obs
b                           
0   1366  0.005466  0.002928
1   1366  0.013912  0.021230
2   1365  0.022434  0.019780
3   1366  0.032846  0.036603
4   1365  0.044288  0.041758
5   1366  0.055344  0.060761
6   1365  0.070213  0.062271
7   1366  0.083275  0.091508
8   1365  0.106875  0.112088
9   1365  0.132266  0.135531
10  1366  0.176595  0.158126
11  1366  0.313132  0.314788
