obj=binary ire=False split=(Timestamp('2025-06-25 00:00:00'), Timestamp('2025-11-29 00:00:00')) rows=391627
[00] rll=1.9528 auc=0.7349 it= 463 (61s) {'max_depth': 3, 'min_child_weight': 1.0, 'subsample': 0.799711144976046, 'colsample_bytree': 0.7608990145740144, 'colsample_bylevel': 1.0, 'reg_lambda': 0.2778294337210486, 'reg_alpha': 5.162310133018718, 'gamma': 0.002845829145639892}
[01] rll=1.9534 auc=0.7344 it= 464 (54s) {'max_depth': 3, 'min_child_weight': 20.0, 'subsample': 0.8487534371185531, 'colsample_bytree': 0.6213958742378746, 'colsample_bylevel': 1.0, 'reg_lambda': 3.4211338449353943, 'reg_alpha': 0.44809676654593683, 'gamma': 0.003040102699640505}
[02] rll=1.9526 auc=0.7347 it= 304 (65s) {'max_depth': 5, 'min_child_weight': 20.0, 'subsample': 0.8681442336409935, 'colsample_bytree': 0.7074293880898963, 'colsample_bylevel': 1.0, 'reg_lambda': 4.438393533091865, 'reg_alpha': 8.387925359045115, 'gamma': 0.08670742122760307}
[03] rll=1.9577 auc=0.7327 it= 128 (41s) {'max_depth': 7, 'min_child_weight': 20.0, 'subsample': 0.7413099420241792, 'colsample_bytree': 0.7549571823694261, 'colsample_bylevel': 0.8, 'reg_lambda': 0.5080467704679636, 'reg_alpha': 1.6173750344120676, 'gamma': 0.0}
[04] rll=1.9574 auc=0.7328 it= 148 (57s) {'max_depth': 8, 'min_child_weight': 1.0, 'subsample': 0.7868292826953085, 'colsample_bytree': 0.5662869355202226, 'colsample_bylevel': 0.6, 'reg_lambda': 48.73409715385363, 'reg_alpha': 0.05245595138827176, 'gamma': 0.22738837102668089}
[05] rll=1.9569 auc=0.7332 it= 406 (51s) {'max_depth': 3, 'min_child_weight': 1.0, 'subsample': 0.9605724314752708, 'colsample_bytree': 0.5302889544511169, 'colsample_bylevel': 0.6, 'reg_lambda': 0.1256678144534736, 'reg_alpha': 0.006354418539711723, 'gamma': 0.043770204125223644}
[06] rll=1.9540 auc=0.7342 it= 256 (56s) {'max_depth': 5, 'min_child_weight': 50.0, 'subsample': 0.8789444354945191, 'colsample_bytree': 0.6035923964454671, 'colsample_bylevel': 1.0, 'reg_lambda': 0.30162760264377236, 'reg_alpha': 9.6770615235377, 'gamma': 0.2622042381297515}
[07] rll=1.9560 auc=0.7335 it= 333 (45s) {'max_depth': 3, 'min_child_weight': 50.0, 'subsample': 0.613620111578815, 'colsample_bytree': 0.9075340638670345, 'colsample_bylevel': 0.6, 'reg_lambda': 5.802909827055242, 'reg_alpha': 0.01717271541239216, 'gamma': 0.0020527231985684284}
[08] rll=1.9650 auc=0.7298 it=  87 (33s) {'max_depth': 7, 'min_child_weight': 3.0, 'subsample': 0.6098344429860745, 'colsample_bytree': 0.903474909023669, 'colsample_bylevel': 0.6, 'reg_lambda': 0.24077353451451647, 'reg_alpha': 0.9057065241327366, 'gamma': 0.001647103245811074}
[09] rll=1.9502 auc=0.7352 it= 259 (53s) {'max_depth': 5, 'min_child_weight': 1.0, 'subsample': 0.9583031006965126, 'colsample_bytree': 0.4161660468308217, 'colsample_bylevel': 0.8, 'reg_lambda': 26.026032613827635, 'reg_alpha': 0.0057634173148486765, 'gamma': 0.0011557585762524052}
[10] rll=1.9561 auc=0.7334 it= 219 (46s) {'max_depth': 5, 'min_child_weight': 3.0, 'subsample': 0.8908446975927673, 'colsample_bytree': 0.6959073706048702, 'colsample_bylevel': 0.6, 'reg_lambda': 0.44836727846197993, 'reg_alpha': 0.018227662915699914, 'gamma': 2.6549355364796097}
[11] rll=1.9617 auc=0.7314 it= 100 (43s) {'max_depth': 8, 'min_child_weight': 5.0, 'subsample': 0.7362744703426036, 'colsample_bytree': 0.6616009021553986, 'colsample_bylevel': 1.0, 'reg_lambda': 0.8769178009608839, 'reg_alpha': 0.9683573855605155, 'gamma': 0.0017220123658682732}

TOP 5 by val race-logloss:
  max_depth  min_child_weight  subsample  colsample_bytree  colsample_bylevel  reg_lambda  reg_alpha    gamma      rll      auc  best_iter
         5               1.0   0.958303          0.416166                0.8   26.026033   0.005763 0.001156 1.950202 0.735230        259
         5              20.0   0.868144          0.707429                1.0    4.438394   8.387925 0.086707 1.952592 0.734689        304
         3               1.0   0.799711          0.760899                1.0    0.277829   5.162310 0.002846 1.952845 0.734926        463
         3              20.0   0.848753          0.621396                1.0    3.421134   0.448097 0.003040 1.953405 0.734434        464
         5              50.0   0.878944          0.603592                1.0    0.301628   9.677062 0.262204 1.954002 0.734168        256
  cfg0 fold0: rll=1.8719 auc=0.7532 it=244
  cfg0 fold1: rll=1.8926 auc=0.7451 it=261
  cfg0 fold2: rll=1.9647 auc=0.7336 it=240
cfg0: WF mean rll=1.9097 auc=0.7440
  cfg1 fold0: rll=1.8724 auc=0.7526 it=263
  cfg1 fold1: rll=1.8956 auc=0.7442 it=191
  cfg1 fold2: rll=1.9682 auc=0.7322 it=258
cfg1: WF mean rll=1.9121 auc=0.7430

WALK-FORWARD:
  cfg  mean_rll  mean_auc  mean_iter  max_depth  min_child_weight  subsample  colsample_bytree  colsample_bylevel  reg_lambda  reg_alpha    gamma
   0  1.909705  0.743957 248.333333          5               1.0   0.958303          0.416166                0.8   26.026033   0.005763 0.001156
   1  1.912092  0.743024 237.333333          5              20.0   0.868144          0.707429                1.0    4.438394   8.387925 0.086707
saved best params {'max_depth': 5, 'min_child_weight': 1.0, 'subsample': 0.9583031006965126, 'colsample_bytree': 0.4161660468308217, 'colsample_bylevel': 0.8, 'reg_lambda': 26.026032613827635, 'reg_alpha': 0.0057634173148486765, 'gamma': 0.0011557585762524052, '_mean_iter': 248.33333333333334}
