2025-06-13 14:18:47,564 - INFO - Loaded 8985 rows from Csv\DATA_STACK\irishFull.csv
2025-06-13 14:18:47,654 - INFO - Found 8985 valid URLs to scrape
2025-06-13 14:18:47,654 - INFO - Total URLs: 8985, Batch size: 50, Total batches: 180
2025-06-13 14:18:47,655 - INFO - Previous progress found: Last completed batch 70
2025-06-13 14:18:47,655 - INFO - Resuming from batch 71
2025-06-13 14:18:47,655 - INFO - 
============================================================
2025-06-13 14:18:47,655 - INFO - STARTING BATCH 71/180 (50 URLs)
2025-06-13 14:18:47,655 - INFO - ============================================================

2025-06-13 14:18:47,685 - INFO - Batch 71 - URL 1/50: https://www.racingtv.com/results/2023-07-29/gowran-park/1502
2025-06-13 14:18:47,685 - INFO - Loading page with Selenium: https://www.racingtv.com/results/2023-07-29/gowran-park/1502
2025-06-13 14:19:12,706 - INFO - Racing main block detected for: https://www.racingtv.com/results/2023-07-29/gowran-park/1502
2025-06-13 14:19:12,744 - INFO - Successfully loaded page: https://www.racingtv.com/results/2023-07-29/gowran-park/1502
2025-06-13 14:19:12,850 - INFO - Extracted race info - Track: Gowran Park Racing Results | 29th July 2023 15:02, Date: N/A, Time: 15:02
2025-06-13 14:19:12,851 - INFO - Found 2nd h3 tag: Soft  3YO+ 1m Winner: €15,000 (10 runners)
2025-06-13 14:19:12,851 - INFO - Extracted - Going: Soft, Distance: 1m
2025-06-13 14:19:12,852 - INFO - Extracting racing data from: https://www.racingtv.com/results/2023-07-29/gowran-park/1502
2025-06-13 14:19:12,861 - INFO - Processing main block #1 for https://www.racingtv.com/results/2023-07-29/gowran-park/1502
2025-06-13 14:19:12,868 - INFO - Checking 2nd child of main block for first place horse...
2025-06-13 14:19:12,873 - INFO - Found alternative horse block structure with 3 links
2025-06-13 14:19:12,873 - INFO - Found alternative horse block structure with 3 links
2025-06-13 14:19:12,873 - INFO - Found alternative horse block structure with 3 links
2025-06-13 14:19:12,874 - INFO - Found alternative horse block structure with 3 links
2025-06-13 14:19:12,874 - INFO - Found alternative horse block structure with 3 links
2025-06-13 14:19:12,874 - INFO - Found alternative horse block structure with 3 links
2025-06-13 14:19:12,875 - INFO - Found alternative horse block structure with 3 links
2025-06-13 14:19:12,875 - INFO - Found alternative horse block structure with 3 links
2025-06-13 14:19:12,875 - INFO - Found alternative horse block structure with 3 links
2025-06-13 14:19:12,875 - INFO - Found alternative horse block structure with 3 links
2025-06-13 14:19:12,899 - INFO - Found likely first place horse via structure analysis: Lady Lunette (IRE)
2025-06-13 14:19:12,901 - INFO - Found potential first place horse with background styling
2025-06-13 14:19:12,902 - INFO - Found potential first place horse with background styling
2025-06-13 14:19:12,902 - INFO - Found potential first place horse with background styling
2025-06-13 14:19:12,903 - INFO - Found potential first place horse with background styling
2025-06-13 14:19:12,903 - INFO - Found potential first place horse with background styling
2025-06-13 14:19:12,904 - INFO - Found potential first place horse with background styling
2025-06-13 14:19:12,904 - INFO - Found potential first place horse with background styling
2025-06-13 14:19:12,904 - INFO - Found potential first place horse with background styling
2025-06-13 14:19:12,904 - INFO - Found potential first place horse with background styling
2025-06-13 14:19:12,904 - INFO - Found 20 horse entries for https://www.racingtv.com/results/2023-07-29/gowran-park/1502 using multiple detection methods
2025-06-13 14:19:12,905 - INFO - Processing sub block #1 for https://www.racingtv.com/results/2023-07-29/gowran-park/1502
2025-06-13 14:19:12,905 - INFO - Found 3 <a> tags - Horse: Just Another Eagle (IRE), Jockey: A. C. Persse (claim: 7), Trainer: Patrick J. Flynn
2025-06-13 14:19:12,906 - INFO - Position/Length - Found 2 children: Position: 10th, Lost by: 1 1/2 l
2025-06-13 14:19:12,906 - INFO - Extracted: Just Another Eagle (IRE) - Position: 10th, Lost by: 1 1/2 l, Jockey: A. C. Persse (claim: 7), Trainer: Patrick J. Flynn, Age: 3, Weight: 9-3, Rating: -
2025-06-13 14:19:12,907 - INFO - Processing sub block #2 for https://www.racingtv.com/results/2023-07-29/gowran-park/1502
2025-06-13 14:19:12,907 - INFO - Found 3 <a> tags - Horse: Helens Delight (IRE), Jockey: M. P. Sheehy (claim: 0), Trainer: J. F. O'Shea
2025-06-13 14:19:12,908 - INFO - Position/Length - Found 2 children: Position: 9th, Lost by: 2 l
2025-06-13 14:19:12,908 - INFO - Extracted: Helens Delight (IRE) - Position: 9th, Lost by: 2 l, Jockey: M. P. Sheehy (claim: 0), Trainer: J. F. O'Shea, Age: 4, Weight: 9-11h, Rating: -
2025-06-13 14:19:12,908 - INFO - Processing sub block #3 for https://www.racingtv.com/results/2023-07-29/gowran-park/1502
2025-06-13 14:19:12,909 - INFO - Found 3 <a> tags - Horse: Jessi (IRE), Jockey: K. S. McHugh (claim: 10), Trainer: Denis Hogan
2025-06-13 14:19:12,910 - INFO - Position/Length - Found 2 children: Position: 8th, Lost by: 8 l
2025-06-13 14:19:12,910 - INFO - Extracted: Jessi (IRE) - Position: 8th, Lost by: 8 l, Jockey: K. S. McHugh (claim: 10), Trainer: Denis Hogan, Age: 3, Weight: 9-3, Rating: -
2025-06-13 14:19:12,910 - INFO - Processing sub block #4 for https://www.racingtv.com/results/2023-07-29/gowran-park/1502
2025-06-13 14:19:12,911 - INFO - Found 3 <a> tags - Horse: Jeaniemacaroney (IRE), Jockey: Declan McDonogh (claim: 0), Trainer: Joseph Patrick O'Brien
2025-06-13 14:19:12,912 - INFO - Position/Length - Found 2 children: Position: 7th, Lost by: 4 l
2025-06-13 14:19:12,912 - INFO - Extracted: Jeaniemacaroney (IRE) - Position: 7th, Lost by: 4 l, Jockey: Declan McDonogh (claim: 0), Trainer: Joseph Patrick O'Brien, Age: 3, Weight: 9-3, Rating: -
2025-06-13 14:19:12,912 - INFO - Processing sub block #5 for https://www.racingtv.com/results/2023-07-29/gowran-park/1502
2025-06-13 14:19:12,913 - INFO - Found 3 <a> tags - Horse: Eloxi (IRE), Jockey: R. C. Colgan (claim: 0), Trainer: Ms Sheila Lavery
2025-06-13 14:19:12,914 - INFO - Position/Length - Found 2 children: Position: 6th, Lost by: Neck
2025-06-13 14:19:12,914 - INFO - Extracted: Eloxi (IRE) - Position: 6th, Lost by: Neck, Jockey: R. C. Colgan (claim: 0), Trainer: Ms Sheila Lavery, Age: 3, Weight: 9-3, Rating: -
2025-06-13 14:19:12,915 - INFO - Processing sub block #6 for https://www.racingtv.com/results/2023-07-29/gowran-park/1502
2025-06-13 14:19:12,915 - INFO - Found 3 <a> tags - Horse: Beauty Bella (IRE), Jockey: J. M. Sheridan (claim: 0), Trainer: Adrian Murray
2025-06-13 14:19:12,916 - INFO - Position/Length - Found 2 children: Position: 5th, Lost by: 1/2 l
2025-06-13 14:19:12,917 - INFO - Extracted: Beauty Bella (IRE) - Position: 5th, Lost by: 1/2 l, Jockey: J. M. Sheridan (claim: 0), Trainer: Adrian Murray, Age: 3, Weight: 9-3b1, Rating: -
2025-06-13 14:19:12,917 - INFO - Processing sub block #7 for https://www.racingtv.com/results/2023-07-29/gowran-park/1502
2025-06-13 14:19:12,917 - INFO - Found 3 <a> tags - Horse: Dumb Love (IRE), Jockey: C. T. Keane (claim: 0), Trainer: G. M. Lyons
2025-06-13 14:19:12,918 - INFO - Position/Length - Found 2 children: Position: 4th, Lost by: Neck
2025-06-13 14:19:12,918 - INFO - Extracted: Dumb Love (IRE) - Position: 4th, Lost by: Neck, Jockey: C. T. Keane (claim: 0), Trainer: G. M. Lyons, Age: 3, Weight: 9-3, Rating: -
2025-06-13 14:19:12,919 - INFO - Processing sub block #8 for https://www.racingtv.com/results/2023-07-29/gowran-park/1502
2025-06-13 14:19:12,919 - INFO - Found 3 <a> tags - Horse: Sarah Purser (IRE), Jockey: L. T. McAteer (claim: 0), Trainer: Jack W. Davison
2025-06-13 14:19:12,920 - INFO - Position/Length - Found 2 children: Position: 3rd, Lost by: 5 1/2 l
2025-06-13 14:19:12,920 - INFO - Extracted: Sarah Purser (IRE) - Position: 3rd, Lost by: 5 1/2 l, Jockey: L. T. McAteer (claim: 0), Trainer: Jack W. Davison, Age: 3, Weight: 9-3, Rating: -
2025-06-13 14:19:12,920 - INFO - Processing sub block #9 for https://www.racingtv.com/results/2023-07-29/gowran-park/1502
2025-06-13 14:19:12,921 - INFO - Found 3 <a> tags - Horse: Muhaarar's Girl (IRE), Jockey: William James Lee (claim: 0), Trainer: K. J. Condon
2025-06-13 14:19:12,922 - INFO - Position/Length - Found 2 children: Position: 2nd, Lost by: 4 3/4 l
2025-06-13 14:19:12,922 - INFO - Extracted: Muhaarar's Girl (IRE) - Position: 2nd, Lost by: 4 3/4 l, Jockey: William James Lee (claim: 0), Trainer: K. J. Condon, Age: 3, Weight: 9-3t, Rating: -
2025-06-13 14:19:12,922 - INFO - Processing sub block #10 for https://www.racingtv.com/results/2023-07-29/gowran-park/1502
2025-06-13 14:19:12,923 - INFO - Found 3 <a> tags - Horse: Lady Lunette (IRE), Jockey: D. B. McMonagle (claim: 0), Trainer: R. P. Cody
2025-06-13 14:19:12,923 - INFO - Position/Length - Found 1 children: Position: 1st, Lost by: N/A
2025-06-13 14:19:12,923 - INFO - Confirmed winner: Lady Lunette (IRE)
2025-06-13 14:19:12,924 - INFO - Extracted: Lady Lunette (IRE) - Position: 1st, Lost by: N/A, Jockey: D. B. McMonagle (claim: 0), Trainer: R. P. Cody, Age: 3, Weight: 9-3, Rating: -
2025-06-13 14:19:12,924 - INFO - Processing sub block #11 for https://www.racingtv.com/results/2023-07-29/gowran-park/1502
2025-06-13 14:19:12,925 - INFO - Found 3 <a> tags - Horse: Just Another Eagle (IRE), Jockey: A. C. Persse (claim: 7), Trainer: Patrick J. Flynn
2025-06-13 14:19:12,925 - INFO - Position/Length - Found 2 children: Position: 10th, Lost by: 1 1/2 l
2025-06-13 14:19:12,925 - INFO - Extracted: Just Another Eagle (IRE) - Position: 10th, Lost by: 1 1/2 l, Jockey: A. C. Persse (claim: 7), Trainer: Patrick J. Flynn, Age: 3, Weight: 9-3, Rating: -
2025-06-13 14:19:12,926 - INFO - Processing sub block #12 for https://www.racingtv.com/results/2023-07-29/gowran-park/1502
2025-06-13 14:19:12,926 - INFO - Found 3 <a> tags - Horse: Helens Delight (IRE), Jockey: M. P. Sheehy (claim: 0), Trainer: J. F. O'Shea
2025-06-13 14:19:12,927 - INFO - Position/Length - Found 2 children: Position: 9th, Lost by: 2 l
2025-06-13 14:19:12,928 - INFO - Extracted: Helens Delight (IRE) - Position: 9th, Lost by: 2 l, Jockey: M. P. Sheehy (claim: 0), Trainer: J. F. O'Shea, Age: 4, Weight: 9-11h, Rating: -
2025-06-13 14:19:12,928 - INFO - Processing sub block #13 for https://www.racingtv.com/results/2023-07-29/gowran-park/1502
2025-06-13 14:19:12,928 - INFO - Found 3 <a> tags - Horse: Jessi (IRE), Jockey: K. S. McHugh (claim: 10), Trainer: Denis Hogan
2025-06-13 14:19:12,929 - INFO - Position/Length - Found 2 children: Position: 8th, Lost by: 8 l
2025-06-13 14:19:12,929 - INFO - Extracted: Jessi (IRE) - Position: 8th, Lost by: 8 l, Jockey: K. S. McHugh (claim: 10), Trainer: Denis Hogan, Age: 3, Weight: 9-3, Rating: -
2025-06-13 14:19:12,929 - INFO - Processing sub block #14 for https://www.racingtv.com/results/2023-07-29/gowran-park/1502
2025-06-13 14:19:12,930 - INFO - Found 3 <a> tags - Horse: Jeaniemacaroney (IRE), Jockey: Declan McDonogh (claim: 0), Trainer: Joseph Patrick O'Brien
2025-06-13 14:19:12,931 - INFO - Position/Length - Found 2 children: Position: 7th, Lost by: 4 l
2025-06-13 14:19:12,931 - INFO - Extracted: Jeaniemacaroney (IRE) - Position: 7th, Lost by: 4 l, Jockey: Declan McDonogh (claim: 0), Trainer: Joseph Patrick O'Brien, Age: 3, Weight: 9-3, Rating: -
2025-06-13 14:19:12,931 - INFO - Processing sub block #15 for https://www.racingtv.com/results/2023-07-29/gowran-park/1502
2025-06-13 14:19:12,932 - INFO - Found 3 <a> tags - Horse: Eloxi (IRE), Jockey: R. C. Colgan (claim: 0), Trainer: Ms Sheila Lavery
2025-06-13 14:19:12,932 - INFO - Position/Length - Found 2 children: Position: 6th, Lost by: Neck
2025-06-13 14:19:12,933 - INFO - Extracted: Eloxi (IRE) - Position: 6th, Lost by: Neck, Jockey: R. C. Colgan (claim: 0), Trainer: Ms Sheila Lavery, Age: 3, Weight: 9-3, Rating: -
2025-06-13 14:19:12,933 - INFO - Processing sub block #16 for https://www.racingtv.com/results/2023-07-29/gowran-park/1502
2025-06-13 14:19:12,934 - INFO - Found 3 <a> tags - Horse: Beauty Bella (IRE), Jockey: J. M. Sheridan (claim: 0), Trainer: Adrian Murray
2025-06-13 14:19:12,934 - INFO - Position/Length - Found 2 children: Position: 5th, Lost by: 1/2 l
2025-06-13 14:19:12,934 - INFO - Extracted: Beauty Bella (IRE) - Position: 5th, Lost by: 1/2 l, Jockey: J. M. Sheridan (claim: 0), Trainer: Adrian Murray, Age: 3, Weight: 9-3b1, Rating: -
2025-06-13 14:19:12,935 - INFO - Processing sub block #17 for https://www.racingtv.com/results/2023-07-29/gowran-park/1502
2025-06-13 14:19:12,935 - INFO - Found 3 <a> tags - Horse: Dumb Love (IRE), Jockey: C. T. Keane (claim: 0), Trainer: G. M. Lyons
2025-06-13 14:19:12,936 - INFO - Position/Length - Found 2 children: Position: 4th, Lost by: Neck
2025-06-13 14:19:12,936 - INFO - Extracted: Dumb Love (IRE) - Position: 4th, Lost by: Neck, Jockey: C. T. Keane (claim: 0), Trainer: G. M. Lyons, Age: 3, Weight: 9-3, Rating: -
2025-06-13 14:19:12,936 - INFO - Processing sub block #18 for https://www.racingtv.com/results/2023-07-29/gowran-park/1502
2025-06-13 14:19:12,937 - INFO - Found 3 <a> tags - Horse: Sarah Purser (IRE), Jockey: L. T. McAteer (claim: 0), Trainer: Jack W. Davison
2025-06-13 14:19:12,937 - INFO - Position/Length - Found 2 children: Position: 3rd, Lost by: 5 1/2 l
2025-06-13 14:19:12,937 - INFO - Extracted: Sarah Purser (IRE) - Position: 3rd, Lost by: 5 1/2 l, Jockey: L. T. McAteer (claim: 0), Trainer: Jack W. Davison, Age: 3, Weight: 9-3, Rating: -
2025-06-13 14:19:12,938 - INFO - Processing sub block #19 for https://www.racingtv.com/results/2023-07-29/gowran-park/1502
2025-06-13 14:19:12,938 - INFO - Found 3 <a> tags - Horse: Muhaarar's Girl (IRE), Jockey: William James Lee (claim: 0), Trainer: K. J. Condon
2025-06-13 14:19:12,939 - INFO - Position/Length - Found 2 children: Position: 2nd, Lost by: 4 3/4 l
2025-06-13 14:19:12,939 - INFO - Extracted: Muhaarar's Girl (IRE) - Position: 2nd, Lost by: 4 3/4 l, Jockey: William James Lee (claim: 0), Trainer: K. J. Condon, Age: 3, Weight: 9-3t, Rating: -
2025-06-13 14:19:12,939 - INFO - Processing sub block #20 for https://www.racingtv.com/results/2023-07-29/gowran-park/1502
2025-06-13 14:19:12,940 - INFO - Found 3 <a> tags - Horse: Lady Lunette (IRE), Jockey: D. B. McMonagle (claim: 0), Trainer: R. P. Cody
2025-06-13 14:19:12,940 - INFO - Position/Length - Found 1 children: Position: 1st, Lost by: N/A
2025-06-13 14:19:12,940 - INFO - Extracted: Lady Lunette (IRE) - Position: 1st, Lost by: N/A, Jockey: D. B. McMonagle (claim: 0), Trainer: R. P. Cody, Age: 3, Weight: 9-3, Rating: -
2025-06-13 14:19:12,941 - INFO - Successfully extracted 20/20 horse records from https://www.racingtv.com/results/2023-07-29/gowran-park/1502
2025-06-13 14:19:12,941 - INFO - :) First place horse found successfully
2025-06-13 14:19:12,941 - INFO - :) First place horse found successfully
2025-06-13 14:19:12,941 - INFO - :) First place horse found successfully
2025-06-13 14:19:12,941 - INFO - :) First place horse found successfully
2025-06-13 14:19:12,942 - INFO - :) First place horse found successfully
2025-06-13 14:19:12,942 - INFO - :) First place horse found successfully
2025-06-13 14:19:12,942 - INFO - :) First place horse found successfully
2025-06-13 14:19:12,942 - INFO - :) First place horse found successfully
2025-06-13 14:19:12,942 - INFO - :) First place horse found successfully
2025-06-13 14:19:12,943 - INFO - :) First place horse found successfully
2025-06-13 14:19:12,943 - INFO - :) First place horse found successfully
2025-06-13 14:19:12,943 - INFO - :) First place horse found successfully
2025-06-13 14:19:12,943 - INFO - :) First place horse found successfully
2025-06-13 14:19:12,943 - INFO - :) First place horse found successfully
2025-06-13 14:19:12,943 - INFO - :) First place horse found successfully
2025-06-13 14:19:12,944 - INFO - :) First place horse found successfully
2025-06-13 14:19:12,944 - INFO - :) First place horse found successfully
2025-06-13 14:19:12,944 - INFO - :) First place horse found successfully
2025-06-13 14:19:12,944 - INFO - :) First place horse found successfully
2025-06-13 14:19:12,944 - INFO - :) First place horse found successfully
2025-06-13 14:19:12,945 - INFO - :) First place horse found successfully
2025-06-13 14:19:12,945 - INFO - Successfully parsed 20 horse records from: https://www.racingtv.com/results/2023-07-29/gowran-park/1502
2025-06-13 14:19:12,945 - INFO - Waiting 2 seconds before next request...
2025-06-13 14:19:14,946 - INFO - Batch 71 - URL 2/50: https://www.racingtv.com/results/2023-07-29/gowran-park/1532
2025-06-13 14:19:14,947 - INFO - Loading page with Selenium: https://www.racingtv.com/results/2023-07-29/gowran-park/1532
2025-06-13 14:19:23,767 - INFO - Racing main block detected for: https://www.racingtv.com/results/2023-07-29/gowran-park/1532
2025-06-13 14:19:23,805 - INFO - Successfully loaded page: https://www.racingtv.com/results/2023-07-29/gowran-park/1532
2025-06-13 14:19:23,894 - INFO - Extracted race info - Track: Gowran Park Racing Results | 29th July 2023 15:32, Date: N/A, Time: 15:32
2025-06-13 14:19:23,895 - INFO - Found 2nd h3 tag: Soft  3YO+ 1m Winner: €13,500 (8 runners)
2025-06-13 14:19:23,895 - INFO - Extracted - Going: Soft, Distance: 1m
2025-06-13 14:19:23,896 - INFO - Extracting racing data from: https://www.racingtv.com/results/2023-07-29/gowran-park/1532
2025-06-13 14:19:23,902 - INFO - Processing main block #1 for https://www.racingtv.com/results/2023-07-29/gowran-park/1532
2025-06-13 14:19:23,903 - INFO - Checking 2nd child of main block for first place horse...
2025-06-13 14:19:23,905 - INFO - Found 0 horse entries for https://www.racingtv.com/results/2023-07-29/gowran-park/1532 using multiple detection methods
2025-06-13 14:19:23,905 - INFO - Successfully extracted 0/0 horse records from https://www.racingtv.com/results/2023-07-29/gowran-park/1532
2025-06-13 14:19:23,905 - WARNING - !! First place horse NOT found in the extracted data
2025-06-13 14:19:23,906 - INFO - Successfully parsed 0 horse records from: https://www.racingtv.com/results/2023-07-29/gowran-park/1532
2025-06-13 14:19:23,906 - INFO - Waiting 2 seconds before next request...
2025-06-13 14:19:25,908 - INFO - Batch 71 - URL 3/50: https://www.racingtv.com/results/2023-07-29/gowran-park/1605
2025-06-13 14:19:25,911 - INFO - Loading page with Selenium: https://www.racingtv.com/results/2023-07-29/gowran-park/1605
2025-06-13 14:19:34,620 - INFO - Racing main block detected for: https://www.racingtv.com/results/2023-07-29/gowran-park/1605
2025-06-13 14:19:34,648 - INFO - Successfully loaded page: https://www.racingtv.com/results/2023-07-29/gowran-park/1605
2025-06-13 14:19:34,787 - INFO - Extracted race info - Track: Gowran Park Racing Results | 29th July 2023 16:05, Date: N/A, Time: 16:05
2025-06-13 14:19:34,788 - INFO - Found 2nd h3 tag: Soft  4YO+ 1m 1f 110y Winner: €11,000 (16 runners)
2025-06-13 14:19:34,788 - INFO - Extracted - Going: Soft, Distance: 1m 1f 110y
2025-06-13 14:19:34,789 - INFO - Extracting racing data from: https://www.racingtv.com/results/2023-07-29/gowran-park/1605
2025-06-13 14:19:34,803 - INFO - Processing main block #1 for https://www.racingtv.com/results/2023-07-29/gowran-park/1605
2025-06-13 14:19:34,813 - INFO - Checking 2nd child of main block for first place horse...
2025-06-13 14:19:34,821 - INFO - Found alternative horse block structure with 3 links
2025-06-13 14:19:34,822 - INFO - Found alternative horse block structure with 3 links
2025-06-13 14:19:34,822 - INFO - Found alternative horse block structure with 3 links
2025-06-13 14:19:34,822 - INFO - Found alternative horse block structure with 3 links
2025-06-13 14:19:34,823 - INFO - Found alternative horse block structure with 3 links
2025-06-13 14:19:34,823 - INFO - Found alternative horse block structure with 3 links
2025-06-13 14:19:34,823 - INFO - Found alternative horse block structure with 3 links
2025-06-13 14:19:34,823 - INFO - Found alternative horse block structure with 3 links
2025-06-13 14:19:34,824 - INFO - Found alternative horse block structure with 3 links
2025-06-13 14:19:34,824 - INFO - Found alternative horse block structure with 3 links
2025-06-13 14:19:34,824 - INFO - Found alternative horse block structure with 3 links
2025-06-13 14:19:34,825 - INFO - Found alternative horse block structure with 3 links
2025-06-13 14:19:34,825 - INFO - Found alternative horse block structure with 3 links
2025-06-13 14:19:34,825 - INFO - Found alternative horse block structure with 3 links
2025-06-13 14:19:34,826 - INFO - Found alternative horse block structure with 3 links
2025-06-13 14:19:34,826 - INFO - Found alternative horse block structure with 3 links
2025-06-13 14:19:34,826 - INFO - Found alternative horse block structure with 3 links
2025-06-13 14:19:34,857 - INFO - Found likely first place horse via structure analysis: Red Trail (IRE)
2025-06-13 14:19:34,859 - INFO - Found potential first place horse with background styling
2025-06-13 14:19:34,860 - INFO - Found potential first place horse with background styling
2025-06-13 14:19:34,860 - INFO - Found potential first place horse with background styling
2025-06-13 14:19:34,861 - INFO - Found potential first place horse with background styling
2025-06-13 14:19:34,861 - INFO - Found potential first place horse with background styling
2025-06-13 14:19:34,862 - INFO - Found potential first place horse with background styling
2025-06-13 14:19:34,862 - INFO - Found potential first place horse with background styling
2025-06-13 14:19:34,862 - INFO - Found potential first place horse with background styling
2025-06-13 14:19:34,863 - INFO - Found potential first place horse with background styling
2025-06-13 14:19:34,863 - INFO - Found potential first place horse with background styling
2025-06-13 14:19:34,864 - INFO - Found potential first place horse with background styling
2025-06-13 14:19:34,865 - INFO - Found potential first place horse with background styling
2025-06-13 14:19:34,865 - INFO - Found potential first place horse with background styling
2025-06-13 14:19:34,866 - INFO - Found potential first place horse with background styling
2025-06-13 14:19:34,866 - INFO - Found potential first place horse with background styling
2025-06-13 14:19:34,866 - INFO - Found potential first place horse with background styling
2025-06-13 14:19:34,867 - INFO - Found 34 horse entries for https://www.racingtv.com/results/2023-07-29/gowran-park/1605 using multiple detection methods
2025-06-13 14:19:34,867 - INFO - Processing sub block #1 for https://www.racingtv.com/results/2023-07-29/gowran-park/1605
2025-06-13 14:19:34,868 - INFO - Found 3 <a> tags - Horse: Molly Hall (IRE), Jockey: Kyanna Van Buuren (claim: 7), Trainer: Barry Fitzgerald
2025-06-13 14:19:34,868 - INFO - Position/Length - Found 1 children: Position: NR, Lost by: N/A
2025-06-13 14:19:34,868 - INFO - Extracted: Molly Hall (IRE) - Position: NR, Lost by: N/A, Jockey: Kyanna Van Buuren (claim: 7), Trainer: Barry Fitzgerald, Age: 5, Weight: 9-4, Rating: 50
2025-06-13 14:19:34,869 - INFO - Processing sub block #2 for https://www.racingtv.com/results/2023-07-29/gowran-park/1605
2025-06-13 14:19:34,869 - INFO - Found 3 <a> tags - Horse: Gatsby Cap (IRE), Jockey: Cillian McConnell (claim: 7), Trainer: John McConnell
2025-06-13 14:19:34,870 - INFO - Position/Length - Found 2 children: Position: 16th, Lost by: 4 1/2 l
2025-06-13 14:19:34,870 - INFO - Extracted: Gatsby Cap (IRE) - Position: 16th, Lost by: 4 1/2 l, Jockey: Cillian McConnell (claim: 7), Trainer: John McConnell, Age: 7, Weight: 9-1, Rating: 47
2025-06-13 14:19:34,871 - INFO - Processing sub block #3 for https://www.racingtv.com/results/2023-07-29/gowran-park/1605
2025-06-13 14:19:34,871 - INFO - Found 3 <a> tags - Horse: Danesfort, Jockey: D. King (claim: 0), Trainer: John Joseph Murphy
2025-06-13 14:19:34,872 - INFO - Position/Length - Found 2 children: Position: 15th, Lost by: 3 1/2 l
2025-06-13 14:19:34,872 - INFO - Extracted: Danesfort - Position: 15th, Lost by: 3 1/2 l, Jockey: D. King (claim: 0), Trainer: John Joseph Murphy, Age: 4, Weight: 9-12, Rating: 58
2025-06-13 14:19:34,872 - INFO - Processing sub block #4 for https://www.racingtv.com/results/2023-07-29/gowran-park/1605
2025-06-13 14:19:34,873 - INFO - Found 3 <a> tags - Horse: Riqaaby (USA), Jockey: Jack Cleary (claim: 4), Trainer: Miss Elizabeth Doyle
2025-06-13 14:19:34,874 - INFO - Position/Length - Found 2 children: Position: 14th, Lost by: 20 l
2025-06-13 14:19:34,874 - INFO - Extracted: Riqaaby (USA) - Position: 14th, Lost by: 20 l, Jockey: Jack Cleary (claim: 4), Trainer: Miss Elizabeth Doyle, Age: 7, Weight: 9-2t1, Rating: 48
2025-06-13 14:19:34,874 - INFO - Processing sub block #5 for https://www.racingtv.com/results/2023-07-29/gowran-park/1605
2025-06-13 14:19:34,874 - INFO - Found 3 <a> tags - Horse: Miss Cunning (IRE), Jockey: D. N. Curran (claim: 4), Trainer: Aengus King
2025-06-13 14:19:34,876 - INFO - Position/Length - Found 2 children: Position: 13th, Lost by: 2 1/4 l
2025-06-13 14:19:34,876 - INFO - Extracted: Miss Cunning (IRE) - Position: 13th, Lost by: 2 1/4 l, Jockey: D. N. Curran (claim: 4), Trainer: Aengus King, Age: 6, Weight: 9-2b, Rating: 48
2025-06-13 14:19:34,876 - INFO - Processing sub block #6 for https://www.racingtv.com/results/2023-07-29/gowran-park/1605
2025-06-13 14:19:34,876 - INFO - Found 3 <a> tags - Horse: Hurricane Helen, Jockey: J. A. Powell (claim: 0), Trainer: John Joseph Hanlon
2025-06-13 14:19:34,877 - INFO - Position/Length - Found 2 children: Position: 12th, Lost by: 4 l
2025-06-13 14:19:34,877 - INFO - Extracted: Hurricane Helen - Position: 12th, Lost by: 4 l, Jockey: J. A. Powell (claim: 0), Trainer: John Joseph Hanlon, Age: 5, Weight: 9-11, Rating: 57
2025-06-13 14:19:34,878 - INFO - Processing sub block #7 for https://www.racingtv.com/results/2023-07-29/gowran-park/1605
2025-06-13 14:19:34,878 - INFO - Found 3 <a> tags - Horse: Atlas (IRE), Jockey: J. J. G. Ryan (claim: 2), Trainer: T. G. McCourt
2025-06-13 14:19:34,879 - INFO - Position/Length - Found 2 children: Position: 11th, Lost by: 3/4 l
2025-06-13 14:19:34,880 - INFO - Extracted: Atlas (IRE) - Position: 11th, Lost by: 3/4 l, Jockey: J. J. G. Ryan (claim: 2), Trainer: T. G. McCourt, Age: 10, Weight: 9-1p, Rating: 47
2025-06-13 14:19:34,880 - INFO - Processing sub block #8 for https://www.racingtv.com/results/2023-07-29/gowran-park/1605
2025-06-13 14:19:34,881 - INFO - Found 3 <a> tags - Horse: Game Nation (IRE), Jockey: R. Whearty (claim: 2), Trainer: Eric McNamara
2025-06-13 14:19:34,881 - INFO - Position/Length - Found 2 children: Position: 10th, Lost by: Neck
2025-06-13 14:19:34,882 - INFO - Extracted: Game Nation (IRE) - Position: 10th, Lost by: Neck, Jockey: R. Whearty (claim: 2), Trainer: Eric McNamara, Age: 4, Weight: 9-10t, Rating: 56
2025-06-13 14:19:34,882 - INFO - Processing sub block #9 for https://www.racingtv.com/results/2023-07-29/gowran-park/1605
2025-06-13 14:19:34,882 - INFO - Found 3 <a> tags - Horse: Two Metres Apart (IRE), Jockey: P. A. Harnett (claim: 2), Trainer: M. J. Byrne
2025-06-13 14:19:34,883 - INFO - Position/Length - Found 2 children: Position: 9th, Lost by: 2 l
2025-06-13 14:19:34,883 - INFO - Extracted: Two Metres Apart (IRE) - Position: 9th, Lost by: 2 l, Jockey: P. A. Harnett (claim: 2), Trainer: M. J. Byrne, Age: 5, Weight: 9-1h, Rating: 47
2025-06-13 14:19:34,884 - INFO - Processing sub block #10 for https://www.racingtv.com/results/2023-07-29/gowran-park/1605
2025-06-13 14:19:34,884 - INFO - Found 3 <a> tags - Horse: Bardo Contiguo (IRE), Jockey: A. C. Persse (claim: 2), Trainer: Eoin Doyle
2025-06-13 14:19:34,885 - INFO - Position/Length - Found 2 children: Position: 8th, Lost by: 2 3/4 l
2025-06-13 14:19:34,885 - INFO - Extracted: Bardo Contiguo (IRE) - Position: 8th, Lost by: 2 3/4 l, Jockey: A. C. Persse (claim: 2), Trainer: Eoin Doyle, Age: 7, Weight: 9-12p, Rating: 58
2025-06-13 14:19:34,885 - INFO - Processing sub block #11 for https://www.racingtv.com/results/2023-07-29/gowran-park/1605
2025-06-13 14:19:34,886 - INFO - Found 3 <a> tags - Horse: Berliet Express (IRE), Jockey: S. P. Bird (claim: 7), Trainer: P. J. Rothwell
2025-06-13 14:19:34,887 - INFO - Position/Length - Found 2 children: Position: 7th, Lost by: 1 l
2025-06-13 14:19:34,887 - INFO - Extracted: Berliet Express (IRE) - Position: 7th, Lost by: 1 l, Jockey: S. P. Bird (claim: 7), Trainer: P. J. Rothwell, Age: 7, Weight: 9-1t, Rating: 47
2025-06-13 14:19:34,887 - INFO - Processing sub block #12 for https://www.racingtv.com/results/2023-07-29/gowran-park/1605
2025-06-13 14:19:34,887 - INFO - Found 3 <a> tags - Horse: Enquire Within (IRE), Jockey: C. J. MacRedmond (claim: 0), Trainer: F. G. Hand
2025-06-13 14:19:34,888 - INFO - Position/Length - Found 2 children: Position: 6th, Lost by: 6 1/2 l
2025-06-13 14:19:34,888 - INFO - Extracted: Enquire Within (IRE) - Position: 6th, Lost by: 6 1/2 l, Jockey: C. J. MacRedmond (claim: 0), Trainer: F. G. Hand, Age: 7, Weight: 9-1tp, Rating: 47
2025-06-13 14:19:34,889 - INFO - Processing sub block #13 for https://www.racingtv.com/results/2023-07-29/gowran-park/1605
2025-06-13 14:19:34,889 - INFO - Found 3 <a> tags - Horse: Magic Charm (IRE), Jockey: M. W. Hassett (claim: 7), Trainer: Martin Hassett
2025-06-13 14:19:34,890 - INFO - Position/Length - Found 2 children: Position: 5th, Lost by: 1/2 l
2025-06-13 14:19:34,890 - INFO - Extracted: Magic Charm (IRE) - Position: 5th, Lost by: 1/2 l, Jockey: M. W. Hassett (claim: 7), Trainer: Martin Hassett, Age: 7, Weight: 9-4, Rating: 50
2025-06-13 14:19:34,890 - INFO - Processing sub block #14 for https://www.racingtv.com/results/2023-07-29/gowran-park/1605
2025-06-13 14:19:34,891 - INFO - Found 3 <a> tags - Horse: Party Moon (GER), Jockey: C. Horgan (claim: 7), Trainer: John J. Maguire
2025-06-13 14:19:34,891 - INFO - Position/Length - Found 2 children: Position: 4th, Lost by: Neck
2025-06-13 14:19:34,892 - INFO - Extracted: Party Moon (GER) - Position: 4th, Lost by: Neck, Jockey: C. Horgan (claim: 7), Trainer: John J. Maguire, Age: 7, Weight: 9-9, Rating: 55
2025-06-13 14:19:34,892 - INFO - Processing sub block #15 for https://www.racingtv.com/results/2023-07-29/gowran-park/1605
2025-06-13 14:19:34,892 - INFO - Found 3 <a> tags - Horse: Mr Mills (IRE), Jockey: Adam Caffrey (claim: 0), Trainer: Christopher David Timmons
2025-06-13 14:19:34,893 - INFO - Position/Length - Found 2 children: Position: 3rd, Lost by: 1 1/4 l
2025-06-13 14:19:34,893 - INFO - Extracted: Mr Mills (IRE) - Position: 3rd, Lost by: 1 1/4 l, Jockey: Adam Caffrey (claim: 0), Trainer: Christopher David Timmons, Age: 5, Weight: 10-1, Rating: 61
2025-06-13 14:19:34,893 - INFO - Processing sub block #16 for https://www.racingtv.com/results/2023-07-29/gowran-park/1605
2025-06-13 14:19:34,894 - INFO - Found 3 <a> tags - Horse: Not Just Any Eagle (IRE), Jockey: R. Donaghue-Leahy (claim: 7), Trainer: Patrick J. Flynn
2025-06-13 14:19:34,895 - INFO - Position/Length - Found 2 children: Position: 2nd, Lost by: Nose
2025-06-13 14:19:34,895 - INFO - Extracted: Not Just Any Eagle (IRE) - Position: 2nd, Lost by: Nose, Jockey: R. Donaghue-Leahy (claim: 7), Trainer: Patrick J. Flynn, Age: 4, Weight: 9-9, Rating: 55
2025-06-13 14:19:34,895 - INFO - Processing sub block #17 for https://www.racingtv.com/results/2023-07-29/gowran-park/1605
2025-06-13 14:19:34,896 - INFO - Found 3 <a> tags - Horse: Red Trail (IRE), Jockey: C. Stone-Walsh (claim: 4), Trainer: Andrew McNamara
2025-06-13 14:19:34,896 - INFO - Position/Length - Found 1 children: Position: 1st, Lost by: N/A
2025-06-13 14:19:34,897 - INFO - Confirmed winner: Red Trail (IRE)
2025-06-13 14:19:34,897 - INFO - Extracted: Red Trail (IRE) - Position: 1st, Lost by: N/A, Jockey: C. Stone-Walsh (claim: 4), Trainer: Andrew McNamara, Age: 4, Weight: 10-0, Rating: 60
2025-06-13 14:19:34,897 - INFO - Processing sub block #18 for https://www.racingtv.com/results/2023-07-29/gowran-park/1605
2025-06-13 14:19:34,898 - INFO - Found 3 <a> tags - Horse: Molly Hall (IRE), Jockey: Kyanna Van Buuren (claim: 7), Trainer: Barry Fitzgerald
2025-06-13 14:19:34,898 - INFO - Position/Length - Found 1 children: Position: NR, Lost by: N/A
2025-06-13 14:19:34,899 - INFO - Extracted: Molly Hall (IRE) - Position: NR, Lost by: N/A, Jockey: Kyanna Van Buuren (claim: 7), Trainer: Barry Fitzgerald, Age: 5, Weight: 9-4, Rating: 50
2025-06-13 14:19:34,899 - INFO - Processing sub block #19 for https://www.racingtv.com/results/2023-07-29/gowran-park/1605
2025-06-13 14:19:34,899 - INFO - Found 3 <a> tags - Horse: Gatsby Cap (IRE), Jockey: Cillian McConnell (claim: 7), Trainer: John McConnell
2025-06-13 14:19:34,900 - INFO - Position/Length - Found 2 children: Position: 16th, Lost by: 4 1/2 l
2025-06-13 14:19:34,900 - INFO - Extracted: Gatsby Cap (IRE) - Position: 16th, Lost by: 4 1/2 l, Jockey: Cillian McConnell (claim: 7), Trainer: John McConnell, Age: 7, Weight: 9-1, Rating: 47
2025-06-13 14:19:34,900 - INFO - Processing sub block #20 for https://www.racingtv.com/results/2023-07-29/gowran-park/1605
2025-06-13 14:19:34,901 - INFO - Found 3 <a> tags - Horse: Danesfort, Jockey: D. King (claim: 0), Trainer: John Joseph Murphy
2025-06-13 14:19:34,902 - INFO - Position/Length - Found 2 children: Position: 15th, Lost by: 3 1/2 l
2025-06-13 14:19:34,902 - INFO - Extracted: Danesfort - Position: 15th, Lost by: 3 1/2 l, Jockey: D. King (claim: 0), Trainer: John Joseph Murphy, Age: 4, Weight: 9-12, Rating: 58
2025-06-13 14:19:34,902 - INFO - Processing sub block #21 for https://www.racingtv.com/results/2023-07-29/gowran-park/1605
2025-06-13 14:19:34,903 - INFO - Found 3 <a> tags - Horse: Riqaaby (USA), Jockey: Jack Cleary (claim: 4), Trainer: Miss Elizabeth Doyle
2025-06-13 14:19:34,904 - INFO - Position/Length - Found 2 children: Position: 14th, Lost by: 20 l
2025-06-13 14:19:34,904 - INFO - Extracted: Riqaaby (USA) - Position: 14th, Lost by: 20 l, Jockey: Jack Cleary (claim: 4), Trainer: Miss Elizabeth Doyle, Age: 7, Weight: 9-2t1, Rating: 48
2025-06-13 14:19:34,904 - INFO - Processing sub block #22 for https://www.racingtv.com/results/2023-07-29/gowran-park/1605
2025-06-13 14:19:34,905 - INFO - Found 3 <a> tags - Horse: Miss Cunning (IRE), Jockey: D. N. Curran (claim: 4), Trainer: Aengus King
2025-06-13 14:19:34,905 - INFO - Position/Length - Found 2 children: Position: 13th, Lost by: 2 1/4 l
2025-06-13 14:19:34,906 - INFO - Extracted: Miss Cunning (IRE) - Position: 13th, Lost by: 2 1/4 l, Jockey: D. N. Curran (claim: 4), Trainer: Aengus King, Age: 6, Weight: 9-2b, Rating: 48
2025-06-13 14:19:34,906 - INFO - Processing sub block #23 for https://www.racingtv.com/results/2023-07-29/gowran-park/1605
2025-06-13 14:19:34,906 - INFO - Found 3 <a> tags - Horse: Hurricane Helen, Jockey: J. A. Powell (claim: 0), Trainer: John Joseph Hanlon
2025-06-13 14:19:34,907 - INFO - Position/Length - Found 2 children: Position: 12th, Lost by: 4 l
2025-06-13 14:19:34,907 - INFO - Extracted: Hurricane Helen - Position: 12th, Lost by: 4 l, Jockey: J. A. Powell (claim: 0), Trainer: John Joseph Hanlon, Age: 5, Weight: 9-11, Rating: 57
2025-06-13 14:19:34,907 - INFO - Processing sub block #24 for https://www.racingtv.com/results/2023-07-29/gowran-park/1605
2025-06-13 14:19:34,908 - INFO - Found 3 <a> tags - Horse: Atlas (IRE), Jockey: J. J. G. Ryan (claim: 2), Trainer: T. G. McCourt
2025-06-13 14:19:34,908 - INFO - Position/Length - Found 2 children: Position: 11th, Lost by: 3/4 l
2025-06-13 14:19:34,909 - INFO - Extracted: Atlas (IRE) - Position: 11th, Lost by: 3/4 l, Jockey: J. J. G. Ryan (claim: 2), Trainer: T. G. McCourt, Age: 10, Weight: 9-1p, Rating: 47
2025-06-13 14:19:34,909 - INFO - Processing sub block #25 for https://www.racingtv.com/results/2023-07-29/gowran-park/1605
2025-06-13 14:19:34,909 - INFO - Found 3 <a> tags - Horse: Game Nation (IRE), Jockey: R. Whearty (claim: 2), Trainer: Eric McNamara
2025-06-13 14:19:34,910 - INFO - Position/Length - Found 2 children: Position: 10th, Lost by: Neck
2025-06-13 14:19:34,910 - INFO - Extracted: Game Nation (IRE) - Position: 10th, Lost by: Neck, Jockey: R. Whearty (claim: 2), Trainer: Eric McNamara, Age: 4, Weight: 9-10t, Rating: 56
2025-06-13 14:19:34,910 - INFO - Processing sub block #26 for https://www.racingtv.com/results/2023-07-29/gowran-park/1605
2025-06-13 14:19:34,911 - INFO - Found 3 <a> tags - Horse: Two Metres Apart (IRE), Jockey: P. A. Harnett (claim: 2), Trainer: M. J. Byrne
2025-06-13 14:19:34,911 - INFO - Position/Length - Found 2 children: Position: 9th, Lost by: 2 l
2025-06-13 14:19:34,912 - INFO - Extracted: Two Metres Apart (IRE) - Position: 9th, Lost by: 2 l, Jockey: P. A. Harnett (claim: 2), Trainer: M. J. Byrne, Age: 5, Weight: 9-1h, Rating: 47
2025-06-13 14:19:34,912 - INFO - Processing sub block #27 for https://www.racingtv.com/results/2023-07-29/gowran-park/1605
2025-06-13 14:19:34,913 - INFO - Found 3 <a> tags - Horse: Bardo Contiguo (IRE), Jockey: A. C. Persse (claim: 2), Trainer: Eoin Doyle
2025-06-13 14:19:34,914 - INFO - Position/Length - Found 2 children: Position: 8th, Lost by: 2 3/4 l
2025-06-13 14:19:34,914 - INFO - Extracted: Bardo Contiguo (IRE) - Position: 8th, Lost by: 2 3/4 l, Jockey: A. C. Persse (claim: 2), Trainer: Eoin Doyle, Age: 7, Weight: 9-12p, Rating: 58
2025-06-13 14:19:34,914 - INFO - Processing sub block #28 for https://www.racingtv.com/results/2023-07-29/gowran-park/1605
2025-06-13 14:19:34,915 - INFO - Found 3 <a> tags - Horse: Berliet Express (IRE), Jockey: S. P. Bird (claim: 7), Trainer: P. J. Rothwell
2025-06-13 14:19:34,916 - INFO - Position/Length - Found 2 children: Position: 7th, Lost by: 1 l
2025-06-13 14:19:34,916 - INFO - Extracted: Berliet Express (IRE) - Position: 7th, Lost by: 1 l, Jockey: S. P. Bird (claim: 7), Trainer: P. J. Rothwell, Age: 7, Weight: 9-1t, Rating: 47
2025-06-13 14:19:34,917 - INFO - Processing sub block #29 for https://www.racingtv.com/results/2023-07-29/gowran-park/1605
2025-06-13 14:19:34,917 - INFO - Found 3 <a> tags - Horse: Enquire Within (IRE), Jockey: C. J. MacRedmond (claim: 0), Trainer: F. G. Hand
2025-06-13 14:19:34,918 - INFO - Position/Length - Found 2 children: Position: 6th, Lost by: 6 1/2 l
2025-06-13 14:19:34,918 - INFO - Extracted: Enquire Within (IRE) - Position: 6th, Lost by: 6 1/2 l, Jockey: C. J. MacRedmond (claim: 0), Trainer: F. G. Hand, Age: 7, Weight: 9-1tp, Rating: 47
2025-06-13 14:19:34,918 - INFO - Processing sub block #30 for https://www.racingtv.com/results/2023-07-29/gowran-park/1605
2025-06-13 14:19:34,919 - INFO - Found 3 <a> tags - Horse: Magic Charm (IRE), Jockey: M. W. Hassett (claim: 7), Trainer: Martin Hassett
2025-06-13 14:19:34,920 - INFO - Position/Length - Found 2 children: Position: 5th, Lost by: 1/2 l
2025-06-13 14:19:34,920 - INFO - Extracted: Magic Charm (IRE) - Position: 5th, Lost by: 1/2 l, Jockey: M. W. Hassett (claim: 7), Trainer: Martin Hassett, Age: 7, Weight: 9-4, Rating: 50
2025-06-13 14:19:34,920 - INFO - Processing sub block #31 for https://www.racingtv.com/results/2023-07-29/gowran-park/1605
2025-06-13 14:19:34,920 - INFO - Found 3 <a> tags - Horse: Party Moon (GER), Jockey: C. Horgan (claim: 7), Trainer: John J. Maguire
2025-06-13 14:19:34,921 - INFO - Position/Length - Found 2 children: Position: 4th, Lost by: Neck
2025-06-13 14:19:34,921 - INFO - Extracted: Party Moon (GER) - Position: 4th, Lost by: Neck, Jockey: C. Horgan (claim: 7), Trainer: John J. Maguire, Age: 7, Weight: 9-9, Rating: 55
2025-06-13 14:19:34,922 - INFO - Processing sub block #32 for https://www.racingtv.com/results/2023-07-29/gowran-park/1605
2025-06-13 14:19:34,922 - INFO - Found 3 <a> tags - Horse: Mr Mills (IRE), Jockey: Adam Caffrey (claim: 0), Trainer: Christopher David Timmons
2025-06-13 14:19:34,923 - INFO - Position/Length - Found 2 children: Position: 3rd, Lost by: 1 1/4 l
2025-06-13 14:19:34,923 - INFO - Extracted: Mr Mills (IRE) - Position: 3rd, Lost by: 1 1/4 l, Jockey: Adam Caffrey (claim: 0), Trainer: Christopher David Timmons, Age: 5, Weight: 10-1, Rating: 61
2025-06-13 14:19:34,923 - INFO - Processing sub block #33 for https://www.racingtv.com/results/2023-07-29/gowran-park/1605
2025-06-13 14:19:34,924 - INFO - Found 3 <a> tags - Horse: Not Just Any Eagle (IRE), Jockey: R. Donaghue-Leahy (claim: 7), Trainer: Patrick J. Flynn
2025-06-13 14:19:34,924 - INFO - Position/Length - Found 2 children: Position: 2nd, Lost by: Nose
2025-06-13 14:19:34,925 - INFO - Extracted: Not Just Any Eagle (IRE) - Position: 2nd, Lost by: Nose, Jockey: R. Donaghue-Leahy (claim: 7), Trainer: Patrick J. Flynn, Age: 4, Weight: 9-9, Rating: 55
2025-06-13 14:19:34,925 - INFO - Processing sub block #34 for https://www.racingtv.com/results/2023-07-29/gowran-park/1605
2025-06-13 14:19:34,925 - INFO - Found 3 <a> tags - Horse: Red Trail (IRE), Jockey: C. Stone-Walsh (claim: 4), Trainer: Andrew McNamara
2025-06-13 14:19:34,926 - INFO - Position/Length - Found 1 children: Position: 1st, Lost by: N/A
2025-06-13 14:19:34,926 - INFO - Extracted: Red Trail (IRE) - Position: 1st, Lost by: N/A, Jockey: C. Stone-Walsh (claim: 4), Trainer: Andrew McNamara, Age: 4, Weight: 10-0, Rating: 60
2025-06-13 14:19:34,926 - INFO - Successfully extracted 34/34 horse records from https://www.racingtv.com/results/2023-07-29/gowran-park/1605
2025-06-13 14:19:34,927 - INFO - :) First place horse found successfully
2025-06-13 14:19:34,927 - INFO - :) First place horse found successfully
2025-06-13 14:19:34,927 - INFO - :) First place horse found successfully
2025-06-13 14:19:34,927 - INFO - :) First place horse found successfully
2025-06-13 14:19:34,927 - INFO - :) First place horse found successfully
2025-06-13 14:19:34,928 - INFO - :) First place horse found successfully
2025-06-13 14:19:34,928 - INFO - :) First place horse found successfully
2025-06-13 14:19:34,928 - INFO - :) First place horse found successfully
2025-06-13 14:19:34,928 - INFO - :) First place horse found successfully
2025-06-13 14:19:34,928 - INFO - :) First place horse found successfully
2025-06-13 14:19:34,929 - INFO - :) First place horse found successfully
2025-06-13 14:19:34,929 - INFO - :) First place horse found successfully
2025-06-13 14:19:34,929 - INFO - :) First place horse found successfully
2025-06-13 14:19:34,929 - INFO - :) First place horse found successfully
2025-06-13 14:19:34,930 - INFO - :) First place horse found successfully
2025-06-13 14:19:34,930 - INFO - :) First place horse found successfully
2025-06-13 14:19:34,930 - INFO - :) First place horse found successfully
2025-06-13 14:19:34,930 - INFO - :) First place horse found successfully
2025-06-13 14:19:34,930 - INFO - :) First place horse found successfully
2025-06-13 14:19:34,931 - INFO - :) First place horse found successfully
2025-06-13 14:19:34,931 - INFO - :) First place horse found successfully
2025-06-13 14:19:34,931 - INFO - :) First place horse found successfully
2025-06-13 14:19:34,932 - INFO - :) First place horse found successfully
2025-06-13 14:19:34,932 - INFO - :) First place horse found successfully
2025-06-13 14:19:34,933 - INFO - :) First place horse found successfully
2025-06-13 14:19:34,933 - INFO - :) First place horse found successfully
2025-06-13 14:19:34,934 - INFO - :) First place horse found successfully
2025-06-13 14:19:34,934 - INFO - :) First place horse found successfully
2025-06-13 14:19:34,934 - INFO - :) First place horse found successfully
2025-06-13 14:19:34,934 - INFO - :) First place horse found successfully
2025-06-13 14:19:34,935 - INFO - :) First place horse found successfully
2025-06-13 14:19:34,935 - INFO - :) First place horse found successfully
2025-06-13 14:19:34,935 - INFO - :) First place horse found successfully
2025-06-13 14:19:34,935 - INFO - :) First place horse found successfully
2025-06-13 14:19:34,935 - INFO - :) First place horse found successfully
2025-06-13 14:19:34,935 - INFO - Successfully parsed 34 horse records from: https://www.racingtv.com/results/2023-07-29/gowran-park/1605
2025-06-13 14:19:34,936 - INFO - Waiting 2 seconds before next request...
2025-06-13 14:19:36,938 - INFO - Batch 71 - URL 4/50: https://www.racingtv.com/results/2023-07-29/gowran-park/1640
2025-06-13 14:19:36,939 - INFO - Loading page with Selenium: https://www.racingtv.com/results/2023-07-29/gowran-park/1640
2025-06-13 14:19:46,070 - INFO - Racing main block detected for: https://www.racingtv.com/results/2023-07-29/gowran-park/1640
2025-06-13 14:19:46,125 - INFO - Successfully loaded page: https://www.racingtv.com/results/2023-07-29/gowran-park/1640
2025-06-13 14:19:46,217 - INFO - Extracted race info - Track: Gowran Park Racing Results | 29th July 2023 16:40, Date: N/A, Time: 16:40
2025-06-13 14:19:46,218 - INFO - Found 2nd h3 tag: Soft  3YO+ 1m 1f 110y Winner: €18,000 (5 runners)
2025-06-13 14:19:46,218 - INFO - Extracted - Going: Soft, Distance: 1m 1f 110y
2025-06-13 14:19:46,219 - INFO - Extracting racing data from: https://www.racingtv.com/results/2023-07-29/gowran-park/1640
2025-06-13 14:19:46,225 - INFO - Processing main block #1 for https://www.racingtv.com/results/2023-07-29/gowran-park/1640
2025-06-13 14:19:46,227 - INFO - Checking 2nd child of main block for first place horse...
2025-06-13 14:19:46,229 - INFO - Found 0 horse entries for https://www.racingtv.com/results/2023-07-29/gowran-park/1640 using multiple detection methods
2025-06-13 14:19:46,229 - INFO - Successfully extracted 0/0 horse records from https://www.racingtv.com/results/2023-07-29/gowran-park/1640
2025-06-13 14:19:46,230 - WARNING - !! First place horse NOT found in the extracted data
2025-06-13 14:19:46,230 - INFO - Successfully parsed 0 horse records from: https://www.racingtv.com/results/2023-07-29/gowran-park/1640
2025-06-13 14:19:46,230 - INFO - Waiting 2 seconds before next request...
2025-06-13 14:19:48,232 - INFO - Batch 71 - URL 5/50: https://www.racingtv.com/results/2023-07-31/galway/1710
2025-06-13 14:19:48,232 - INFO - Loading page with Selenium: https://www.racingtv.com/results/2023-07-31/galway/1710
2025-06-13 14:19:57,680 - INFO - Racing main block detected for: https://www.racingtv.com/results/2023-07-31/galway/1710
2025-06-13 14:19:57,716 - INFO - Successfully loaded page: https://www.racingtv.com/results/2023-07-31/galway/1710
2025-06-13 14:19:57,790 - INFO - Extracted race info - Track: Galway Racing Results | 31st July 2023 17:10, Date: N/A, Time: 17:10
2025-06-13 14:19:57,791 - INFO - Found 2nd h3 tag: Soft  4YO only 2m 130y Winner: €21,000 (12 runners)
2025-06-13 14:19:57,791 - INFO - Extracted - Going: Soft, Distance: 2m 130y
2025-06-13 14:19:57,791 - INFO - Extracting racing data from: https://www.racingtv.com/results/2023-07-31/galway/1710
2025-06-13 14:19:57,803 - INFO - Processing main block #1 for https://www.racingtv.com/results/2023-07-31/galway/1710
2025-06-13 14:19:57,805 - INFO - Checking 2nd child of main block for first place horse...
2025-06-13 14:19:57,806 - INFO - Found 0 horse entries for https://www.racingtv.com/results/2023-07-31/galway/1710 using multiple detection methods
2025-06-13 14:19:57,806 - INFO - Successfully extracted 0/0 horse records from https://www.racingtv.com/results/2023-07-31/galway/1710
2025-06-13 14:19:57,807 - WARNING - !! First place horse NOT found in the extracted data
2025-06-13 14:19:57,807 - INFO - Successfully parsed 0 horse records from: https://www.racingtv.com/results/2023-07-31/galway/1710
2025-06-13 14:19:57,807 - INFO - Waiting 2 seconds before next request...
2025-06-13 14:19:59,808 - INFO - Batch 71 - URL 6/50: https://www.racingtv.com/results/2023-07-31/galway/1740
2025-06-13 14:19:59,808 - INFO - Loading page with Selenium: https://www.racingtv.com/results/2023-07-31/galway/1740
2025-06-13 14:20:08,639 - INFO - Racing main block detected for: https://www.racingtv.com/results/2023-07-31/galway/1740
2025-06-13 14:20:08,691 - INFO - Successfully loaded page: https://www.racingtv.com/results/2023-07-31/galway/1740
2025-06-13 14:20:08,783 - INFO - Extracted race info - Track: Galway Racing Results | 31st July 2023 17:40, Date: N/A, Time: 17:40
2025-06-13 14:20:08,784 - INFO - Found 2nd h3 tag: Soft  4YO+ 2m 130y Winner: €17,000 (19 runners)
2025-06-13 14:20:08,784 - INFO - Extracted - Going: Soft, Distance: 2m 130y
2025-06-13 14:20:08,784 - INFO - Extracting racing data from: https://www.racingtv.com/results/2023-07-31/galway/1740
2025-06-13 14:20:08,791 - INFO - Processing main block #1 for https://www.racingtv.com/results/2023-07-31/galway/1740
2025-06-13 14:20:08,792 - INFO - Checking 2nd child of main block for first place horse...
2025-06-13 14:20:08,794 - INFO - Found 0 horse entries for https://www.racingtv.com/results/2023-07-31/galway/1740 using multiple detection methods
2025-06-13 14:20:08,794 - INFO - Successfully extracted 0/0 horse records from https://www.racingtv.com/results/2023-07-31/galway/1740
2025-06-13 14:20:08,796 - WARNING - !! First place horse NOT found in the extracted data
2025-06-13 14:20:08,796 - INFO - Successfully parsed 0 horse records from: https://www.racingtv.com/results/2023-07-31/galway/1740
2025-06-13 14:20:08,796 - INFO - Waiting 2 seconds before next request...
2025-06-13 14:20:10,798 - INFO - Batch 71 - URL 7/50: https://www.racingtv.com/results/2023-07-31/galway/1810
2025-06-13 14:20:10,799 - INFO - Loading page with Selenium: https://www.racingtv.com/results/2023-07-31/galway/1810
2025-06-13 14:20:20,035 - INFO - Racing main block detected for: https://www.racingtv.com/results/2023-07-31/galway/1810
2025-06-13 14:20:20,056 - INFO - Successfully loaded page: https://www.racingtv.com/results/2023-07-31/galway/1810
2025-06-13 14:20:20,125 - INFO - Extracted race info - Track: Galway Racing Results | 31st July 2023 18:10, Date: N/A, Time: 18:10
2025-06-13 14:20:20,126 - INFO - Found 2nd h3 tag: Heavy  (Turf) 2YO only 7f Winner: €20,000 (7 runners)
2025-06-13 14:20:20,126 - INFO - Extracted - Going: Heavy  (Turf), Distance: 7f
2025-06-13 14:20:20,126 - INFO - Extracting racing data from: https://www.racingtv.com/results/2023-07-31/galway/1810
2025-06-13 14:20:20,133 - INFO - Processing main block #1 for https://www.racingtv.com/results/2023-07-31/galway/1810
2025-06-13 14:20:20,134 - INFO - Checking 2nd child of main block for first place horse...
2025-06-13 14:20:20,136 - INFO - Found 0 horse entries for https://www.racingtv.com/results/2023-07-31/galway/1810 using multiple detection methods
2025-06-13 14:20:20,136 - INFO - Successfully extracted 0/0 horse records from https://www.racingtv.com/results/2023-07-31/galway/1810
2025-06-13 14:20:20,136 - WARNING - !! First place horse NOT found in the extracted data
2025-06-13 14:20:20,137 - INFO - Successfully parsed 0 horse records from: https://www.racingtv.com/results/2023-07-31/galway/1810
2025-06-13 14:20:20,137 - INFO - Waiting 2 seconds before next request...
2025-06-13 14:20:22,137 - INFO - Batch 71 - URL 8/50: https://www.racingtv.com/results/2023-07-31/galway/1840
2025-06-13 14:20:22,138 - INFO - Loading page with Selenium: https://www.racingtv.com/results/2023-07-31/galway/1840
2025-06-13 14:20:31,098 - INFO - Racing main block detected for: https://www.racingtv.com/results/2023-07-31/galway/1840
2025-06-13 14:20:31,138 - INFO - Successfully loaded page: https://www.racingtv.com/results/2023-07-31/galway/1840
2025-06-13 14:20:31,247 - INFO - Extracted race info - Track: Galway Racing Results | 31st July 2023 18:40, Date: N/A, Time: 18:40
2025-06-13 14:20:31,247 - INFO - Found 2nd h3 tag: Heavy  4YO+ 2m 179y Winner: €110,000 (20 runners)
2025-06-13 14:20:31,248 - INFO - Extracted - Going: Heavy, Distance: 2m 179y
2025-06-13 14:20:31,248 - INFO - Extracting racing data from: https://www.racingtv.com/results/2023-07-31/galway/1840
2025-06-13 14:20:31,254 - INFO - Processing main block #1 for https://www.racingtv.com/results/2023-07-31/galway/1840
2025-06-13 14:20:31,256 - INFO - Checking 2nd child of main block for first place horse...
2025-06-13 14:20:31,257 - INFO - Found 0 horse entries for https://www.racingtv.com/results/2023-07-31/galway/1840 using multiple detection methods
2025-06-13 14:20:31,258 - INFO - Successfully extracted 0/0 horse records from https://www.racingtv.com/results/2023-07-31/galway/1840
2025-06-13 14:20:31,258 - WARNING - !! First place horse NOT found in the extracted data
2025-06-13 14:20:31,258 - INFO - Successfully parsed 0 horse records from: https://www.racingtv.com/results/2023-07-31/galway/1840
2025-06-13 14:20:31,259 - INFO - Waiting 2 seconds before next request...
2025-06-13 14:20:33,260 - INFO - Batch 71 - URL 9/50: https://www.racingtv.com/results/2023-07-31/galway/1915
2025-06-13 14:20:33,261 - INFO - Loading page with Selenium: https://www.racingtv.com/results/2023-07-31/galway/1915
2025-06-13 14:20:42,142 - INFO - Racing main block detected for: https://www.racingtv.com/results/2023-07-31/galway/1915
2025-06-13 14:20:42,181 - INFO - Successfully loaded page: https://www.racingtv.com/results/2023-07-31/galway/1915
2025-06-13 14:20:42,253 - INFO - Extracted race info - Track: Galway Racing Results | 31st July 2023 19:15, Date: N/A, Time: 19:15
2025-06-13 14:20:42,253 - INFO - Found 2nd h3 tag: Heavy  3YO only 7f Winner: €17,000 (15 runners)
2025-06-13 14:20:42,253 - INFO - Extracted - Going: Heavy, Distance: 7f
2025-06-13 14:20:42,254 - INFO - Extracting racing data from: https://www.racingtv.com/results/2023-07-31/galway/1915
2025-06-13 14:20:42,260 - INFO - Processing main block #1 for https://www.racingtv.com/results/2023-07-31/galway/1915
2025-06-13 14:20:42,261 - INFO - Checking 2nd child of main block for first place horse...
2025-06-13 14:20:42,263 - INFO - Found 0 horse entries for https://www.racingtv.com/results/2023-07-31/galway/1915 using multiple detection methods
2025-06-13 14:20:42,263 - INFO - Successfully extracted 0/0 horse records from https://www.racingtv.com/results/2023-07-31/galway/1915
2025-06-13 14:20:42,263 - WARNING - !! First place horse NOT found in the extracted data
2025-06-13 14:20:42,263 - INFO - Successfully parsed 0 horse records from: https://www.racingtv.com/results/2023-07-31/galway/1915
2025-06-13 14:20:42,264 - INFO - Waiting 2 seconds before next request...
2025-06-13 14:20:44,265 - INFO - Batch 71 - URL 10/50: https://www.racingtv.com/results/2023-07-31/galway/1950
2025-06-13 14:20:44,265 - INFO - Loading page with Selenium: https://www.racingtv.com/results/2023-07-31/galway/1950
2025-06-13 14:20:53,171 - INFO - Racing main block detected for: https://www.racingtv.com/results/2023-07-31/galway/1950
2025-06-13 14:20:53,226 - INFO - Successfully loaded page: https://www.racingtv.com/results/2023-07-31/galway/1950
2025-06-13 14:20:53,315 - INFO - Extracted race info - Track: Galway Racing Results | 31st July 2023 19:50, Date: N/A, Time: 19:50
2025-06-13 14:20:53,316 - INFO - Found 2nd h3 tag: Heavy  3YO only 1m 4f 84y Winner: €19,500 (13 runners)
2025-06-13 14:20:53,316 - INFO - Extracted - Going: Heavy, Distance: 1m 4f 84y
2025-06-13 14:20:53,316 - INFO - Extracting racing data from: https://www.racingtv.com/results/2023-07-31/galway/1950
2025-06-13 14:20:53,322 - INFO - Processing main block #1 for https://www.racingtv.com/results/2023-07-31/galway/1950
2025-06-13 14:20:53,324 - INFO - Checking 2nd child of main block for first place horse...
2025-06-13 14:20:53,325 - INFO - Found 0 horse entries for https://www.racingtv.com/results/2023-07-31/galway/1950 using multiple detection methods
2025-06-13 14:20:53,325 - INFO - Successfully extracted 0/0 horse records from https://www.racingtv.com/results/2023-07-31/galway/1950
2025-06-13 14:20:53,325 - WARNING - !! First place horse NOT found in the extracted data
2025-06-13 14:20:53,326 - INFO - Successfully parsed 0 horse records from: https://www.racingtv.com/results/2023-07-31/galway/1950
2025-06-13 14:20:53,326 - INFO - Waiting 2 seconds before next request...
2025-06-13 14:20:55,327 - INFO - Batch 71 - URL 11/50: https://www.racingtv.com/results/2023-07-31/galway/2020
2025-06-13 14:20:55,329 - INFO - Loading page with Selenium: https://www.racingtv.com/results/2023-07-31/galway/2020
2025-06-13 14:21:04,034 - INFO - Racing main block detected for: https://www.racingtv.com/results/2023-07-31/galway/2020
2025-06-13 14:21:04,077 - INFO - Successfully loaded page: https://www.racingtv.com/results/2023-07-31/galway/2020
2025-06-13 14:21:04,193 - INFO - Extracted race info - Track: Galway Racing Results | 31st July 2023 20:20, Date: N/A, Time: 20:20
2025-06-13 14:21:04,194 - INFO - Found 2nd h3 tag: Heavy  4YO only 2m 130y Winner: €17,000 (14 runners)
2025-06-13 14:21:04,194 - INFO - Extracted - Going: Heavy, Distance: 2m 130y
2025-06-13 14:21:04,194 - INFO - Extracting racing data from: https://www.racingtv.com/results/2023-07-31/galway/2020
2025-06-13 14:21:04,201 - INFO - Processing main block #1 for https://www.racingtv.com/results/2023-07-31/galway/2020
2025-06-13 14:21:04,202 - INFO - Checking 2nd child of main block for first place horse...
2025-06-13 14:21:04,204 - INFO - Found 0 horse entries for https://www.racingtv.com/results/2023-07-31/galway/2020 using multiple detection methods
2025-06-13 14:21:04,204 - INFO - Successfully extracted 0/0 horse records from https://www.racingtv.com/results/2023-07-31/galway/2020
2025-06-13 14:21:04,204 - WARNING - !! First place horse NOT found in the extracted data
2025-06-13 14:21:04,204 - INFO - Successfully parsed 0 horse records from: https://www.racingtv.com/results/2023-07-31/galway/2020
2025-06-13 14:21:04,205 - INFO - Waiting 2 seconds before next request...
2025-06-13 14:21:06,205 - INFO - Batch 71 - URL 12/50: https://www.racingtv.com/results/2023-08-01/galway/1710
2025-06-13 14:21:06,206 - INFO - Loading page with Selenium: https://www.racingtv.com/results/2023-08-01/galway/1710
2025-06-13 14:21:12,909 - WARNING - Retrying (Retry(total=2, connect=None, read=None, redirect=None, status=None)) after connection broken by 'ConnectionResetError(10054, 'An existing connection was forcibly closed by the remote host', None, 10054, None)': /session/344ed71c8a26ddb2c260018d7ef8c269
2025-06-13 14:21:16,992 - WARNING - Retrying (Retry(total=1, connect=None, read=None, redirect=None, status=None)) after connection broken by 'NewConnectionError('<urllib3.connection.HTTPConnection object at 0x0000014B105E4DD0>: Failed to establish a new connection: [WinError 10061] No connection could be made because the target machine actively refused it')': /session/344ed71c8a26ddb2c260018d7ef8c269
2025-06-13 14:21:21,090 - WARNING - Retrying (Retry(total=0, connect=None, read=None, redirect=None, status=None)) after connection broken by 'NewConnectionError('<urllib3.connection.HTTPConnection object at 0x0000014B105E4C80>: Failed to establish a new connection: [WinError 10061] No connection could be made because the target machine actively refused it')': /session/344ed71c8a26ddb2c260018d7ef8c269
