2025-06-13 17:58:37,427 - INFO - Loaded 8985 rows from Csv\DATA_STACK\irishFull.csv
2025-06-13 17:58:37,433 - INFO - Found 8985 valid URLs to scrape
2025-06-13 17:58:37,433 - INFO - Total URLs: 8985, Batch size: 50, Total batches: 180
2025-06-13 17:58:37,434 - INFO - Previous progress found: Last completed batch 100
2025-06-13 17:58:37,434 - INFO - Resuming from batch 101
2025-06-13 17:58:37,434 - INFO - 
============================================================
2025-06-13 17:58:37,435 - INFO - STARTING BATCH 101/180 (50 URLs)
2025-06-13 17:58:37,435 - INFO - ============================================================

2025-06-13 17:58:37,530 - INFO - Batch 101 - URL 1/50: https://www.racingtv.com/results/2024-02-04/leopardstown/1550
2025-06-13 17:58:37,530 - INFO - Loading page with Selenium: https://www.racingtv.com/results/2024-02-04/leopardstown/1550
2025-06-13 17:58:59,639 - INFO - Racing main block detected for: https://www.racingtv.com/results/2024-02-04/leopardstown/1550
2025-06-13 17:58:59,674 - INFO - Successfully loaded page: https://www.racingtv.com/results/2024-02-04/leopardstown/1550
2025-06-13 17:58:59,788 - INFO - Extracted race info - Track: Racing TV, Date: N/A, Time: N/A
2025-06-13 17:58:59,788 - INFO - Found 2nd h3 tag: Manage Consent Preferences
2025-06-13 17:58:59,789 - INFO - Extracted - Going: Manage Consent Preferences, Distance: N/A
2025-06-13 17:58:59,789 - INFO - Extracting racing data from: https://www.racingtv.com/results/2024-02-04/leopardstown/1550
2025-06-13 17:58:59,796 - INFO - Processing main block #1 for https://www.racingtv.com/results/2024-02-04/leopardstown/1550
2025-06-13 17:58:59,805 - INFO - Found 0 horse entries for https://www.racingtv.com/results/2024-02-04/leopardstown/1550 using multiple detection methods
2025-06-13 17:58:59,806 - INFO - Successfully extracted 0/0 horse records from https://www.racingtv.com/results/2024-02-04/leopardstown/1550
2025-06-13 17:58:59,806 - WARNING - !! First place horse NOT found in the extracted data
2025-06-13 17:58:59,806 - INFO - Successfully parsed 0 horse records from: https://www.racingtv.com/results/2024-02-04/leopardstown/1550
2025-06-13 17:58:59,807 - INFO - Waiting 2 seconds before next request...
2025-06-13 17:59:01,807 - INFO - Batch 101 - URL 2/50: https://www.racingtv.com/results/2024-02-04/leopardstown/1625
2025-06-13 17:59:01,808 - INFO - Loading page with Selenium: https://www.racingtv.com/results/2024-02-04/leopardstown/1625
2025-06-13 17:59:11,200 - INFO - Racing main block detected for: https://www.racingtv.com/results/2024-02-04/leopardstown/1625
2025-06-13 17:59:11,221 - INFO - Successfully loaded page: https://www.racingtv.com/results/2024-02-04/leopardstown/1625
2025-06-13 17:59:11,329 - INFO - Extracted race info - Track: Racing TV, Date: N/A, Time: N/A
2025-06-13 17:59:11,330 - INFO - Found 2nd h3 tag: Manage Consent Preferences
2025-06-13 17:59:11,331 - INFO - Extracted - Going: Manage Consent Preferences, Distance: N/A
2025-06-13 17:59:11,331 - INFO - Extracting racing data from: https://www.racingtv.com/results/2024-02-04/leopardstown/1625
2025-06-13 17:59:11,338 - INFO - Processing main block #1 for https://www.racingtv.com/results/2024-02-04/leopardstown/1625
2025-06-13 17:59:11,351 - INFO - Found 0 horse entries for https://www.racingtv.com/results/2024-02-04/leopardstown/1625 using multiple detection methods
2025-06-13 17:59:11,351 - INFO - Successfully extracted 0/0 horse records from https://www.racingtv.com/results/2024-02-04/leopardstown/1625
2025-06-13 17:59:11,352 - WARNING - !! First place horse NOT found in the extracted data
2025-06-13 17:59:11,352 - INFO - Successfully parsed 0 horse records from: https://www.racingtv.com/results/2024-02-04/leopardstown/1625
2025-06-13 17:59:11,352 - INFO - Waiting 2 seconds before next request...
2025-06-13 17:59:13,353 - INFO - Batch 101 - URL 3/50: https://www.racingtv.com/results/2024-02-05/punchestown/1320
2025-06-13 17:59:13,354 - INFO - Loading page with Selenium: https://www.racingtv.com/results/2024-02-05/punchestown/1320
2025-06-13 17:59:23,307 - INFO - Racing main block detected for: https://www.racingtv.com/results/2024-02-05/punchestown/1320
2025-06-13 17:59:23,330 - INFO - Successfully loaded page: https://www.racingtv.com/results/2024-02-05/punchestown/1320
2025-06-13 17:59:23,431 - INFO - Extracted race info - Track: N/A, Date: N/A, Time: 13:20
2025-06-13 17:59:23,432 - INFO - Found 2nd h3 tag: Soft To Heavy  5YO+ 3m 130y Winner: €6,300 (10 runners)
2025-06-13 17:59:23,432 - INFO - Extracted - Going: Soft To Heavy, Distance: 3m 130y
2025-06-13 17:59:23,432 - INFO - Extracting racing data from: https://www.racingtv.com/results/2024-02-05/punchestown/1320
2025-06-13 17:59:23,439 - INFO - Processing main block #1 for https://www.racingtv.com/results/2024-02-05/punchestown/1320
2025-06-13 17:59:23,440 - INFO - Checking 2nd child of main block for first place horse...
2025-06-13 17:59:23,442 - INFO - Found 0 horse entries for https://www.racingtv.com/results/2024-02-05/punchestown/1320 using multiple detection methods
2025-06-13 17:59:23,443 - INFO - Successfully extracted 0/0 horse records from https://www.racingtv.com/results/2024-02-05/punchestown/1320
2025-06-13 17:59:23,443 - WARNING - !! First place horse NOT found in the extracted data
2025-06-13 17:59:23,443 - INFO - Successfully parsed 0 horse records from: https://www.racingtv.com/results/2024-02-05/punchestown/1320
2025-06-13 17:59:23,444 - INFO - Waiting 2 seconds before next request...
2025-06-13 17:59:25,444 - INFO - Batch 101 - URL 4/50: https://www.racingtv.com/results/2024-02-05/punchestown/1350
2025-06-13 17:59:25,444 - INFO - Loading page with Selenium: https://www.racingtv.com/results/2024-02-05/punchestown/1350
2025-06-13 17:59:35,020 - INFO - Racing main block detected for: https://www.racingtv.com/results/2024-02-05/punchestown/1350
2025-06-13 17:59:35,039 - INFO - Successfully loaded page: https://www.racingtv.com/results/2024-02-05/punchestown/1350
2025-06-13 17:59:35,112 - INFO - Extracted race info - Track: N/A, Date: N/A, Time: 13:50
2025-06-13 17:59:35,112 - INFO - Found 2nd h3 tag: Soft To Heavy  5YO+ 2m 6f 24y Winner: €18,000 (6 runners)
2025-06-13 17:59:35,113 - INFO - Extracted - Going: Soft To Heavy, Distance: 2m 6f 24y
2025-06-13 17:59:35,113 - INFO - Extracting racing data from: https://www.racingtv.com/results/2024-02-05/punchestown/1350
2025-06-13 17:59:35,119 - INFO - Processing main block #1 for https://www.racingtv.com/results/2024-02-05/punchestown/1350
2025-06-13 17:59:35,120 - INFO - Checking 2nd child of main block for first place horse...
2025-06-13 17:59:35,121 - INFO - Found 0 horse entries for https://www.racingtv.com/results/2024-02-05/punchestown/1350 using multiple detection methods
2025-06-13 17:59:35,122 - INFO - Successfully extracted 0/0 horse records from https://www.racingtv.com/results/2024-02-05/punchestown/1350
2025-06-13 17:59:35,122 - WARNING - !! First place horse NOT found in the extracted data
2025-06-13 17:59:35,122 - INFO - Successfully parsed 0 horse records from: https://www.racingtv.com/results/2024-02-05/punchestown/1350
2025-06-13 17:59:35,122 - INFO - Waiting 2 seconds before next request...
2025-06-13 17:59:37,124 - INFO - Batch 101 - URL 5/50: https://www.racingtv.com/results/2024-02-05/punchestown/1420
2025-06-13 17:59:37,124 - INFO - Loading page with Selenium: https://www.racingtv.com/results/2024-02-05/punchestown/1420
2025-06-13 17:59:46,324 - INFO - Racing main block detected for: https://www.racingtv.com/results/2024-02-05/punchestown/1420
2025-06-13 17:59:46,354 - INFO - Successfully loaded page: https://www.racingtv.com/results/2024-02-05/punchestown/1420
2025-06-13 17:59:46,437 - INFO - Extracted race info - Track: N/A, Date: N/A, Time: 14:20
2025-06-13 17:59:46,438 - INFO - Found 2nd h3 tag: Soft To Heavy  5YO+ 2m 161y Winner: €7,500 (13 runners)
2025-06-13 17:59:46,438 - INFO - Extracted - Going: Soft To Heavy, Distance: 2m 161y
2025-06-13 17:59:46,438 - INFO - Extracting racing data from: https://www.racingtv.com/results/2024-02-05/punchestown/1420
2025-06-13 17:59:46,446 - INFO - Processing main block #1 for https://www.racingtv.com/results/2024-02-05/punchestown/1420
2025-06-13 17:59:46,447 - INFO - Checking 2nd child of main block for first place horse...
2025-06-13 17:59:46,449 - INFO - Found 0 horse entries for https://www.racingtv.com/results/2024-02-05/punchestown/1420 using multiple detection methods
2025-06-13 17:59:46,449 - INFO - Successfully extracted 0/0 horse records from https://www.racingtv.com/results/2024-02-05/punchestown/1420
2025-06-13 17:59:46,449 - WARNING - !! First place horse NOT found in the extracted data
2025-06-13 17:59:46,449 - INFO - Successfully parsed 0 horse records from: https://www.racingtv.com/results/2024-02-05/punchestown/1420
2025-06-13 17:59:46,449 - INFO - Waiting 2 seconds before next request...
2025-06-13 17:59:48,450 - INFO - Batch 101 - URL 6/50: https://www.racingtv.com/results/2024-02-05/punchestown/1450
2025-06-13 17:59:48,451 - INFO - Loading page with Selenium: https://www.racingtv.com/results/2024-02-05/punchestown/1450
2025-06-13 17:59:56,051 - INFO - Racing main block detected for: https://www.racingtv.com/results/2024-02-05/punchestown/1450
2025-06-13 17:59:56,064 - INFO - Successfully loaded page: https://www.racingtv.com/results/2024-02-05/punchestown/1450
2025-06-13 17:59:56,137 - INFO - Extracted race info - Track: Racing TV, Date: N/A, Time: N/A
2025-06-13 17:59:56,137 - INFO - Found 2nd h3 tag: Manage Consent Preferences
2025-06-13 17:59:56,138 - INFO - Extracted - Going: Manage Consent Preferences, Distance: N/A
2025-06-13 17:59:56,138 - INFO - Extracting racing data from: https://www.racingtv.com/results/2024-02-05/punchestown/1450
2025-06-13 17:59:56,144 - INFO - Processing main block #1 for https://www.racingtv.com/results/2024-02-05/punchestown/1450
2025-06-13 17:59:56,153 - INFO - Found 0 horse entries for https://www.racingtv.com/results/2024-02-05/punchestown/1450 using multiple detection methods
2025-06-13 17:59:56,153 - INFO - Successfully extracted 0/0 horse records from https://www.racingtv.com/results/2024-02-05/punchestown/1450
2025-06-13 17:59:56,154 - WARNING - !! First place horse NOT found in the extracted data
2025-06-13 17:59:56,154 - INFO - Successfully parsed 0 horse records from: https://www.racingtv.com/results/2024-02-05/punchestown/1450
2025-06-13 17:59:56,154 - INFO - Waiting 2 seconds before next request...
2025-06-13 17:59:58,155 - INFO - Batch 101 - URL 7/50: https://www.racingtv.com/results/2024-02-05/punchestown/1520
2025-06-13 17:59:58,155 - INFO - Loading page with Selenium: https://www.racingtv.com/results/2024-02-05/punchestown/1520
2025-06-13 18:00:06,702 - INFO - Racing main block detected for: https://www.racingtv.com/results/2024-02-05/punchestown/1520
2025-06-13 18:00:06,743 - INFO - Successfully loaded page: https://www.racingtv.com/results/2024-02-05/punchestown/1520
2025-06-13 18:00:06,818 - INFO - Extracted race info - Track: N/A, Date: N/A, Time: 15:20
2025-06-13 18:00:06,818 - INFO - Found 2nd h3 tag: Soft To Heavy  4YO+ 2m 3f 198y Winner: €9,900 (8 runners)
2025-06-13 18:00:06,818 - INFO - Extracted - Going: Soft To Heavy, Distance: 2m 3f 198y
2025-06-13 18:00:06,819 - INFO - Extracting racing data from: https://www.racingtv.com/results/2024-02-05/punchestown/1520
2025-06-13 18:00:06,825 - INFO - Processing main block #1 for https://www.racingtv.com/results/2024-02-05/punchestown/1520
2025-06-13 18:00:06,826 - INFO - Checking 2nd child of main block for first place horse...
2025-06-13 18:00:06,828 - INFO - Found 0 horse entries for https://www.racingtv.com/results/2024-02-05/punchestown/1520 using multiple detection methods
2025-06-13 18:00:06,829 - INFO - Successfully extracted 0/0 horse records from https://www.racingtv.com/results/2024-02-05/punchestown/1520
2025-06-13 18:00:06,829 - WARNING - !! First place horse NOT found in the extracted data
2025-06-13 18:00:06,829 - INFO - Successfully parsed 0 horse records from: https://www.racingtv.com/results/2024-02-05/punchestown/1520
2025-06-13 18:00:06,829 - INFO - Waiting 2 seconds before next request...
2025-06-13 18:00:08,830 - INFO - Batch 101 - URL 8/50: https://www.racingtv.com/results/2024-02-05/punchestown/1555
2025-06-13 18:00:08,832 - INFO - Loading page with Selenium: https://www.racingtv.com/results/2024-02-05/punchestown/1555
2025-06-13 18:00:17,604 - INFO - Racing main block detected for: https://www.racingtv.com/results/2024-02-05/punchestown/1555
2025-06-13 18:00:17,629 - INFO - Successfully loaded page: https://www.racingtv.com/results/2024-02-05/punchestown/1555
2025-06-13 18:00:17,717 - INFO - Extracted race info - Track: N/A, Date: N/A, Time: 15:55
2025-06-13 18:00:17,718 - INFO - Found 2nd h3 tag: Soft To Heavy  4YO+ 2m 7f 150y Winner: €6,900 (9 runners)
2025-06-13 18:00:17,718 - INFO - Extracted - Going: Soft To Heavy, Distance: 2m 7f 150y
2025-06-13 18:00:17,719 - INFO - Extracting racing data from: https://www.racingtv.com/results/2024-02-05/punchestown/1555
2025-06-13 18:00:17,725 - INFO - Processing main block #1 for https://www.racingtv.com/results/2024-02-05/punchestown/1555
2025-06-13 18:00:17,726 - INFO - Checking 2nd child of main block for first place horse...
2025-06-13 18:00:17,727 - INFO - Found 0 horse entries for https://www.racingtv.com/results/2024-02-05/punchestown/1555 using multiple detection methods
2025-06-13 18:00:17,727 - INFO - Successfully extracted 0/0 horse records from https://www.racingtv.com/results/2024-02-05/punchestown/1555
2025-06-13 18:00:17,728 - WARNING - !! First place horse NOT found in the extracted data
2025-06-13 18:00:17,728 - INFO - Successfully parsed 0 horse records from: https://www.racingtv.com/results/2024-02-05/punchestown/1555
2025-06-13 18:00:17,728 - INFO - Waiting 2 seconds before next request...
2025-06-13 18:00:19,729 - INFO - Batch 101 - URL 9/50: https://www.racingtv.com/results/2024-02-05/punchestown/1630
2025-06-13 18:00:19,730 - INFO - Loading page with Selenium: https://www.racingtv.com/results/2024-02-05/punchestown/1630
2025-06-13 18:00:29,111 - INFO - Racing main block detected for: https://www.racingtv.com/results/2024-02-05/punchestown/1630
2025-06-13 18:00:29,131 - INFO - Successfully loaded page: https://www.racingtv.com/results/2024-02-05/punchestown/1630
2025-06-13 18:00:29,202 - INFO - Extracted race info - Track: N/A, Date: N/A, Time: 16:30
2025-06-13 18:00:29,203 - INFO - Found 2nd h3 tag: Soft To Heavy  4YO+ 2m 7f 150y Winner: €7,500 (9 runners)
2025-06-13 18:00:29,203 - INFO - Extracted - Going: Soft To Heavy, Distance: 2m 7f 150y
2025-06-13 18:00:29,204 - INFO - Extracting racing data from: https://www.racingtv.com/results/2024-02-05/punchestown/1630
2025-06-13 18:00:29,211 - INFO - Processing main block #1 for https://www.racingtv.com/results/2024-02-05/punchestown/1630
2025-06-13 18:00:29,213 - INFO - Checking 2nd child of main block for first place horse...
2025-06-13 18:00:29,215 - INFO - Found 0 horse entries for https://www.racingtv.com/results/2024-02-05/punchestown/1630 using multiple detection methods
2025-06-13 18:00:29,215 - INFO - Successfully extracted 0/0 horse records from https://www.racingtv.com/results/2024-02-05/punchestown/1630
2025-06-13 18:00:29,215 - WARNING - !! First place horse NOT found in the extracted data
2025-06-13 18:00:29,215 - INFO - Successfully parsed 0 horse records from: https://www.racingtv.com/results/2024-02-05/punchestown/1630
2025-06-13 18:00:29,215 - INFO - Waiting 2 seconds before next request...
2025-06-13 18:00:31,217 - INFO - Batch 101 - URL 10/50: https://www.racingtv.com/results/2024-02-07/fairyhouse/1330
2025-06-13 18:00:31,218 - INFO - Loading page with Selenium: https://www.racingtv.com/results/2024-02-07/fairyhouse/1330
